
Welcome to the hypertable command interpreter.
For information about Hypertable, visit http://www.hypertable.org/

Type 'help' for a list of commands, or 'help shell' for a
list of shell meta commands.

DROP TABLE IF EXISTS hypertable;
CREATE TABLE hypertable (
apple,
banana
);
insert into hypertable VALUES ('2007-12-02 08:00:00', 'foo', 'apple:0', 'nothing'), ('2007-12-02 08:00:01', 'foo', 'apple:1', 'nothing'), ('2007-12-02 08:00:02', 'foo', 'apple:2', 'nothing');
insert into hypertable VALUES ('2007-12-02 08:00:03', 'foo', 'banana:0', 'nothing'), ('2007-12-02 08:00:04', 'foo', 'banana:1', 'nothing'), ('2007-12-02 08:00:05', 'bar', 'banana:2', 'nothing');
select * from hypertable display_timestamps;
2007-12-02 08:00:05.000000000	bar	banana:2	nothing
2007-12-02 08:00:03.000000000	foo	banana:0	nothing
2007-12-02 08:00:04.000000000	foo	banana:1	nothing
2007-12-02 08:00:00.000000000	foo	apple:0	nothing
2007-12-02 08:00:01.000000000	foo	apple:1	nothing
2007-12-02 08:00:02.000000000	foo	apple:2	nothing
delete "apple:1" from hypertable where row = 'foo' timestamp '2007-12-02 08:00:01';
select * from hypertable display_timestamps;
2007-12-02 08:00:05.000000000	bar	banana:2	nothing
2007-12-02 08:00:03.000000000	foo	banana:0	nothing
2007-12-02 08:00:04.000000000	foo	banana:1	nothing
2007-12-02 08:00:00.000000000	foo	apple:0	nothing
2007-12-02 08:00:02.000000000	foo	apple:2	nothing
delete banana from hypertable where row = 'foo';
select * from hypertable display_timestamps;
2007-12-02 08:00:05.000000000	bar	banana:2	nothing
2007-12-02 08:00:00.000000000	foo	apple:0	nothing
2007-12-02 08:00:02.000000000	foo	apple:2	nothing
insert into hypertable VALUES ('how', 'apple:0', 'nothing'), ('how', 'apple:1', 'nothing'), ('how', 'apple:2', 'nothing');
insert into hypertable VALUES ('now', 'banana:0', 'nothing'), ('now', 'banana:1', 'nothing'), ('now', 'banana:2', 'nothing');
insert into hypertable VALUES ('2007-12-02 08:00:00', 'lowrey', 'apple:0', 'nothing'), ('2007-12-02 08:00:00', 'season', 'apple:1', 'nothing'), ('2007-12-02 08:00:00', 'salt', 'apple:2', 'nothing');
Failed: (lowrey,apple:0,1196582400000000000) - RANGE SERVER supplied timestamp is not strictly increasing
Failed: (salt,apple:2,1196582400000000000) - RANGE SERVER supplied timestamp is not strictly increasing
Failed: (season,apple:1,1196582400000000000) - RANGE SERVER supplied timestamp is not strictly increasing
insert into hypertable VALUES ('2028-02-17 08:00:01', 'lowrey', 'apple:0', 'nothing');
insert into hypertable VALUES ('2028-02-17 08:00:00', 'season', 'apple:1', 'nothing');
Failed: (season,apple:1,1834387200000000000) - RANGE SERVER supplied timestamp is not strictly increasing
drop table if exists Pages;
create table Pages ("refer-url", "http-code", timestamp, rowkey, ACCESS GROUP default ("refer-url", "http-code"), ACCESS GROUP misc (timestamp, rowkey));
insert into Pages VALUES ('2008-01-28 22:00:03',  "calendar.boston.com/abington-ma/venues/show/457680-the-cellar-tavern", 'http-code', '200');
select "http-code" from Pages where ROW = "calendar.boston.com/abington-ma/venues/show/457680-the-cellar-tavern" display_timestamps;
2008-01-28 22:00:03.000000000	calendar.boston.com/abington-ma/venues/show/457680-the-cellar-tavern	http-code	200
delete * from Pages where ROW = "calendar.boston.com/abington-ma/venues/show/457680-the-cellar-tavern" TIMESTAMP '2008-01-28 22:00:10';
select "http-code" from Pages where ROW = "calendar.boston.com/abington-ma/venues/show/457680-the-cellar-tavern" display_timestamps;
DROP TABLE IF EXISTS Pages_clone;
CREATE TABLE Pages_clone LIKE Pages;
SHOW CREATE TABLE Pages_clone;

CREATE TABLE Pages_clone (
  'refer-url',
  'http-code',
  timestamp,
  rowkey,
  ACCESS GROUP misc (timestamp, rowkey),
  ACCESS GROUP default ('refer-url', 'http-code'),
)

DROP TABLE IF EXISTS hypertable;
CREATE TABLE hypertable (
a,
b
);
INSERT INTO hypertable VALUES ('2008-06-28 01:00:00', 'k1', 'a', 'a11'),('2008-06-28 01:00:00', 'k1', 'b', 'b11');
INSERT INTO hypertable VALUES ('2008-06-28 01:00:01', 'k2', 'a', 'a21'),('2008-06-28 01:00:01', 'k2', 'b', 'b21');
INSERT INTO hypertable VALUES ('2008-06-28 01:00:02', 'k2', 'b', 'b22');
INSERT INTO hypertable VALUES ('2008-06-28 01:00:03', 'k1', 'a', 'a22');
SELECT * FROM hypertable WHERE ROW = 'k1' AND TIMESTAMP < '2008-06-28 01:00:01' DISPLAY_TIMESTAMPS;
2008-06-28 01:00:00.000000000	k1	a	a11
2008-06-28 01:00:00.000000000	k1	b	b11
DROP TABLE IF EXISTS hypertable;
CREATE TABLE hypertable ( TestColumnFamily );
LOAD DATA INFILE ROW_KEY_COLUMN=rowkey "hypertable_test.tsv" INTO TABLE hypertable;
SELECT * FROM hypertable;
key1	TestColumnFamily	tcf1
key2	TestColumnFamily	tcf2
DROP TABLE IF EXISTS test;
CREATE TABLE test ( e, d );
INSERT INTO test VALUES("k1", "e", "x");
INSERT INTO test VALUES("k1", "d", "x");
DELETE d FROM test WHERE ROW = "k1";
SELECT * FROM test;
k1	e	x
DROP TABLE IF EXISTS test;
CREATE TABLE test ( c, b );
INSERT INTO test VALUES('2008-06-30 00:00:01', "k1", "b", "x");
INSERT INTO test VALUES('2008-06-30 00:00:02', "k1", "c", "c1");
INSERT INTO test VALUES('2008-06-30 00:00:03', "k1", "c", "c2");
INSERT INTO test VALUES('2008-07-28 00:00:01', "a", "b", "n");
INSERT INTO test VALUES('2008-07-28 00:00:02', "az", "b", "n");
INSERT INTO test VALUES('2008-07-28 00:00:03', "b", "b", "n");
INSERT INTO test VALUES('2008-07-28 00:00:04', "bz", "b", "n");
INSERT INTO test VALUES('2008-07-28 00:00:05', "c", "b", "n");
INSERT INTO test VALUES('2008-07-28 00:00:06', "cz", "b", "n");
INSERT INTO test VALUES('2008-07-28 00:00:07', "d", "b", "n");
INSERT INTO test VALUES('2008-07-28 00:00:08', "dz", "b", "n");
INSERT INTO test VALUES('2008-07-28 00:00:09', "e", "b", "n");
INSERT INTO test VALUES('2008-07-28 00:00:10', "fz", "b", "n");
INSERT INTO test VALUES('2008-07-28 00:00:11', "g", "b", "n");
INSERT INTO test VALUES('2008-07-28 00:00:12', "gz", "b", "n");
SELECT * FROM test WHERE ('z' < ROW < 'a');
Error: start_row > end_row - RANGE SERVER bad scan specification
DELETE c FROM test WHERE ROW = "k1";
SELECT * FROM test WHERE TIMESTAMP < '2008-06-30 00:00:04';
k1	b	x
SELECT * FROM test WHERE ('a' < ROW < 'b');
az	b	n
SELECT * FROM test WHERE ('a' < ROW <= 'b');
az	b	n
b	b	n
SELECT * FROM test WHERE ('a' <= ROW < 'b');
a	b	n
az	b	n
SELECT * FROM test WHERE ('a' <= ROW <= 'b');
a	b	n
az	b	n
b	b	n
SELECT * FROM test WHERE ('a' <= ROW <= 'e') and TIMESTAMP < '2008-07-28 00:00:04';
a	b	n
az	b	n
b	b	n
SELECT * FROM test WHERE ('a' <= ROW <= 'e') and TIMESTAMP > '2008-07-28 00:00:04';
c	b	n
cz	b	n
d	b	n
dz	b	n
e	b	n
SELECT * FROM test WHERE ('a' <= ROW <= 'e') and '2008-07-28 00:00:02' <= TIMESTAMP <= '2008-07-28 00:00:07';
az	b	n
b	b	n
bz	b	n
c	b	n
cz	b	n
d	b	n
SELECT * FROM test WHERE ('a' <= ROW <= 'e') and '2008-07-28 00:00:02' <= TIMESTAMP < '2008-07-28 00:00:07';
az	b	n
b	b	n
bz	b	n
c	b	n
cz	b	n
SELECT * FROM test WHERE ('a' <= ROW <= 'e') and '2008-07-28 00:00:02' < TIMESTAMP <= '2008-07-28 00:00:07';
b	b	n
bz	b	n
c	b	n
cz	b	n
d	b	n
SELECT * FROM test WHERE ('a' <= ROW <= 'e') and '2008-07-28 00:00:02' < TIMESTAMP < '2008-07-28 00:00:07';
b	b	n
bz	b	n
c	b	n
cz	b	n
SELECT * FROM test WHERE ROW =^ 'b';
b	b	n
bz	b	n
SELECT * FROM test WHERE (ROW = 'a' or ROW = 'c' or ROW = 'g');
a	b	n
c	b	n
g	b	n
SELECT * FROM test WHERE ('a' < ROW <= 'c' or ROW = 'g' or ROW = 'c');
az	b	n
b	b	n
bz	b	n
c	b	n
g	b	n
c	b	n
SELECT * FROM test WHERE (ROW < 'c' or ROW > 'd');
a	b	n
az	b	n
b	b	n
bz	b	n
dz	b	n
e	b	n
fz	b	n
g	b	n
gz	b	n
k1	b	x
SELECT * FROM test WHERE (ROW < 'b' or ROW =^ 'b');
a	b	n
az	b	n
b	b	n
bz	b	n
DROP TABLE IF EXISTS test;
CREATE TABLE test ( tag );
INSERT INTO test VALUES("how", "tag:A", "n");
INSERT INTO test VALUES("now", "tag:a", "n");
INSERT INTO test VALUES("brown", "tag:aa", "n");
INSERT INTO test VALUES("cow", "tag:aal", "n");
INSERT INTO test VALUES("how", "tag:aalii", "n");
INSERT INTO test VALUES("now", "tag:aam", "n");
INSERT INTO test VALUES("brown", "tag:Aani", "n");
INSERT INTO test VALUES("cow", "tag:aardvark", "n");
INSERT INTO test VALUES("how", "tag:aardwolf", "n");
INSERT INTO test VALUES("now", "tag:Aaron", "n");
INSERT INTO test VALUES("brown", "tag:Aaronic", "n");
INSERT INTO test VALUES("cow", "tag:Aaronical", "n");
INSERT INTO test VALUES("how", "tag:Aaronite", "n");
INSERT INTO test VALUES("now", "tag:Aaronitic", "n");
INSERT INTO test VALUES("brown", "tag:Aaru", "n");
INSERT INTO test VALUES("cow", "tag:Ab", "n");
INSERT INTO test VALUES("old", "tag:aba", "n");
INSERT INTO test VALUES("macdonald", "tag:Ababdeh", "n");
INSERT INTO test VALUES("had", "tag:Ababua", "n");
INSERT INTO test VALUES("a", "tag:abac", "n");
INSERT INTO test VALUES("farm", "tag:abaca", "n");
INSERT INTO test VALUES("old", "tag:abacate", "n");
INSERT INTO test VALUES("macdonald", "tag:abacay", "n");
INSERT INTO test VALUES("had", "tag:abacinate", "n");
INSERT INTO test VALUES("a", "tag:abacination", "n");
INSERT INTO test VALUES("farm", "tag:abaciscus", "n");
INSERT INTO test VALUES("old", "tag:abacist", "n");
INSERT INTO test VALUES("macdonald", "tag:aback", "n");
INSERT INTO test VALUES("had", "tag:abactinal", "n");
INSERT INTO test VALUES("a", "tag:abactinally", "n");
INSERT INTO test VALUES("farm", "tag:abaction", "n");
INSERT INTO test VALUES("old", "tag:abactor", "n");
INSERT INTO test VALUES("macdonald", "tag:abaculus", "n");
INSERT INTO test VALUES("had", "tag:abacus", "n");
INSERT INTO test VALUES("a", "tag:Abadite", "n");
INSERT INTO test VALUES("farm", "tag:abaff", "n");
INSERT INTO test VALUES("kaui", "tag:abaft", "n");
INSERT INTO test VALUES("maui", "tag:abaisance", "n");
INSERT INTO test VALUES("oahu", "tag:abaiser", "n");
INSERT INTO test VALUES("kaui", "tag:abaissed", "n");
INSERT INTO test VALUES("maui", "tag:abalienate", "n");
INSERT INTO test VALUES("oahu", "tag:abalienation", "n");
INSERT INTO test VALUES("bar", "tag:abalone", "n");
INSERT INTO test VALUES("bar", "tag:Abama", "n");
INSERT INTO test VALUES("bar", "tag:abampere", "n");
INSERT INTO test VALUES("bar", "tag:abandon", "n");
INSERT INTO test VALUES("bar", "tag:abandonable", "n");
INSERT INTO test VALUES("bar", "tag:abandoned", "n");
INSERT INTO test VALUES("bar", "tag:abandonedly", "n");
INSERT INTO test VALUES("bar", "tag:acutonodose", "n");
INSERT INTO test VALUES("foo", "tag:acutorsion", "n");
INSERT INTO test VALUES("foo", "tag:acyanoblepsia", "n");
INSERT INTO test VALUES("foo", "tag:acyanopsia", "n");
INSERT INTO test VALUES("bar", "tag:acyclic", "n");
INSERT INTO test VALUES("foo", "tag:acyesis", "n");
INSERT INTO test VALUES("foo", "tag:acyetic", "n");
INSERT INTO test VALUES("foo", "tag:acystia", "n");
INSERT INTO test VALUES("bar", "tag:ad", "n");
INSERT INTO test VALUES("foo", "tag:Ada", "n");
INSERT INTO test VALUES("foo", "tag:adactyl", "n");
INSERT INTO test VALUES("foo", "tag:adactylia", "n");
INSERT INTO test VALUES("foo", "tag:adactylism", "n");
INSERT INTO test VALUES("foo", "tag:adactylous", "n");
INSERT INTO test VALUES("foo", "tag:adage", "n");
INSERT INTO test VALUES("bar", "tag:adagial", "n");
INSERT INTO test VALUES("foo", "tag:adagietto", "n");
INSERT INTO test VALUES("foo", "tag:adamantoblast", "n");
INSERT INTO test VALUES("bar", "tag:adamantoblastoma", "n");
INSERT INTO test VALUES("foo", "tag:adamantoid", "n");
SELECT * from test WHERE "farm","tag:abaca" < CELL < "had","tag:abacinate";
farm	tag:abaciscus	n
farm	tag:abaction	n
farm	tag:abaff	n
foo	tag:Ada	n
foo	tag:acutorsion	n
foo	tag:acyanoblepsia	n
foo	tag:acyanopsia	n
foo	tag:acyesis	n
foo	tag:acyetic	n
foo	tag:acystia	n
foo	tag:adactyl	n
foo	tag:adactylia	n
foo	tag:adactylism	n
foo	tag:adactylous	n
foo	tag:adage	n
foo	tag:adagietto	n
foo	tag:adamantoblast	n
foo	tag:adamantoid	n
had	tag:Ababua	n
SELECT * from test WHERE "farm","tag:abaca" <= CELL < "had","tag:abacinate";
farm	tag:abaca	n
farm	tag:abaciscus	n
farm	tag:abaction	n
farm	tag:abaff	n
foo	tag:Ada	n
foo	tag:acutorsion	n
foo	tag:acyanoblepsia	n
foo	tag:acyanopsia	n
foo	tag:acyesis	n
foo	tag:acyetic	n
foo	tag:acystia	n
foo	tag:adactyl	n
foo	tag:adactylia	n
foo	tag:adactylism	n
foo	tag:adactylous	n
foo	tag:adage	n
foo	tag:adagietto	n
foo	tag:adamantoblast	n
foo	tag:adamantoid	n
had	tag:Ababua	n
SELECT * from test WHERE "farm","tag:abaca" < CELL <= "had","tag:abacinate";
farm	tag:abaciscus	n
farm	tag:abaction	n
farm	tag:abaff	n
foo	tag:Ada	n
foo	tag:acutorsion	n
foo	tag:acyanoblepsia	n
foo	tag:acyanopsia	n
foo	tag:acyesis	n
foo	tag:acyetic	n
foo	tag:acystia	n
foo	tag:adactyl	n
foo	tag:adactylia	n
foo	tag:adactylism	n
foo	tag:adactylous	n
foo	tag:adage	n
foo	tag:adagietto	n
foo	tag:adamantoblast	n
foo	tag:adamantoid	n
had	tag:Ababua	n
had	tag:abacinate	n
SELECT * from test WHERE "farm","tag:abaca" <= CELL <= "had","tag:abacinate";
farm	tag:abaca	n
farm	tag:abaciscus	n
farm	tag:abaction	n
farm	tag:abaff	n
foo	tag:Ada	n
foo	tag:acutorsion	n
foo	tag:acyanoblepsia	n
foo	tag:acyanopsia	n
foo	tag:acyesis	n
foo	tag:acyetic	n
foo	tag:acystia	n
foo	tag:adactyl	n
foo	tag:adactylia	n
foo	tag:adactylism	n
foo	tag:adactylous	n
foo	tag:adage	n
foo	tag:adagietto	n
foo	tag:adamantoblast	n
foo	tag:adamantoid	n
had	tag:Ababua	n
had	tag:abacinate	n
SELECT * from test WHERE CELL = "foo","tag:adactylism";
foo	tag:adactylism	n
SELECT * from test WHERE CELL =^ "foo","tag:ac";
foo	tag:acutorsion	n
foo	tag:acyanoblepsia	n
foo	tag:acyanopsia	n
foo	tag:acyesis	n
foo	tag:acyetic	n
foo	tag:acystia	n
SELECT * from test WHERE CELL =^ "foo","tag:a";
foo	tag:acutorsion	n
foo	tag:acyanoblepsia	n
foo	tag:acyanopsia	n
foo	tag:acyesis	n
foo	tag:acyetic	n
foo	tag:acystia	n
foo	tag:adactyl	n
foo	tag:adactylia	n
foo	tag:adactylism	n
foo	tag:adactylous	n
foo	tag:adage	n
foo	tag:adagietto	n
foo	tag:adamantoblast	n
foo	tag:adamantoid	n
SELECT * from test WHERE CELL > "old","tag:abacate";
old	tag:abacist	n
old	tag:abactor	n
SELECT * from test WHERE CELL >= "old","tag:abacate";
old	tag:abacate	n
old	tag:abacist	n
old	tag:abactor	n
SELECT * from test WHERE "old","tag:foo" < CELL >= "old","tag:abacate";
Error: Bad cell expression - HYPERTABLE HQL parse error
SELECT * FROM test WHERE ( CELL = "maui","tag:abaisance" OR CELL = "foo","tag:adage" OR CELL = "cow","tag:Ab" OR CELL =^ "foo","tag:acya");
maui	tag:abaisance	n
foo	tag:adage	n
cow	tag:Ab	n
foo	tag:acyanoblepsia	n
foo	tag:acyanopsia	n
